Printf: 10
Whatever: Whatever!, length 9
Two: Wha, length 3
